SQL> /* 1.Listar los nombres de asignaturas adscritas a reas cuyo nombre empiece por 'A' */
SQL> select AR
  2  from AREA NATURAL JOIN
  3  
SQL> SELECT A
  2  FROM AREA NATURAL JOIN ASIGNATURA
  3  WHERE AR = REGEXP('^[Aa]');
WHERE AR = REGEXP('^[Aa]')
           *
ERROR at line 3:
ORA-00904: "REGEXP": invalid identifier 


SQL> SELECT A
  2  WHERE AR = REGEXP('^[Aa]');
WHERE AR = REGEXP('^[Aa]')
*
ERROR at line 2:
ORA-00923: FROM keyword not found where expected 


SQL> SELECT A
  2  FROM AREA NATURAL JOIN ASIGNATURA
  3  WHERE AR = REGEXP '^[Aa]';
WHERE AR = REGEXP '^[Aa]'
                  *
ERROR at line 3:
ORA-00933: SQL command not properly ended 


SQL> SELECT A
  2  FROM AREA NATURAL JOIN ASIGNATURA
  3  WHERE AR LIKE 'A%';

A                                                                                                                                 
--------------------------------------------------                                                                                
ALGEBRA                                                                                                                           
ANALISIS COMPLEJO                                                                                                                 
ASTRONOMIA                                                                                                                        

SQL> SELECT A
  2  FROM ASIGNATURA NATURAL JOIN AREA
  3  WHERE AR LIKE 'A%';

A                                                                                                                                 
--------------------------------------------------                                                                                
ALGEBRA                                                                                                                           
ANALISIS COMPLEJO                                                                                                                 
ASTRONOMIA                                                                                                                        

SQL> /* 2.Listar los nombresde asignaturas adscritas a reas cuyo nombre termine EN  A*/
SQL> SELECT A
  2  FROM AREA NATURAL JOIN ASIGNATURA
  3  WHERE AR LIKE '%A';

A                                                                                                                                 
--------------------------------------------------                                                                                
ALGEBRA                                                                                                                           
ASTRONOMIA                                                                                                                        
ENSENANZA DE LA MATEMATICA                                                                                                        
OPTIMIZACION                                                                                                                      
CALCULO                                                                                                                           

SQL> /*3.Listar los nombres de asignaturas que lleven la palabra DATOS */
SQL> SELECT A
  2  FROM ASIGNATURA
  3  WHERE A LIKE '%DATOS%';

A                                                                                                                                 
--------------------------------------------------                                                                                
BASES DE DATOS                                                                                                                    
ALMACENES DE DATOS                                                                                                                
MINERIA DE DATOS                                                                                                                  

SQL> /* 4.Listar los DNI de los profesores en cuyo nombre el tercer carcter sea 'R'*/
SQL> SELECT DNI
  2  FROM PROFESOR
  3  WHERE P LIKE '__R%';

       DNI                                                                                                                        
----------                                                                                                                        
      2222                                                                                                                        
      4444                                                                                                                        
      6666                                                                                                                        
      7777                                                                                                                        

SQL> /* 5.Listar,  sin  contar  duplicados,  los  DNI  de  los  profesores  con  nombres  de,  a  lo  sumo,  5 caracteres de longitud. */
SQL> SELECT DISTINCT DNI
  2  FROM PROFESOR
  3  WHERE P NOT LIKE '______%';

       DNI                                                                                                                        
----------                                                                                                                        
      1111                                                                                                                        
      3333                                                                                                                        
      4444                                                                                                                        
      5555                                                                                                                        
      7777                                                                                                                        
      1010                                                                                                                        

6 rows selected.

SQL> /* 6.Listar,  sin  contar  duplicados,  los  DNI  de  los  profesores  con  nombres  de,  al  menos,  5 caracteres de longitud. */
SQL> SELECT DISTINCT DNI
  2  FROM PROFESOR
  3  WHERE P LIKE '_____%';

       DNI                                                                                                                        
----------                                                                                                                        
      2222                                                                                                                        
      3333                                                                                                                        
      4444                                                                                                                        
      6666                                                                                                                        
      7777                                                                                                                        
      8888                                                                                                                        
      9999                                                                                                                        
      1010                                                                                                                        
      2020                                                                                                                        
      3030                                                                                                                        

10 rows selected.

SQL> /* 7.Listar los nombresde los profesoresque actualmente imparten alguna asignatura. */
SQL> SYSDATA
SP2-0042: unknown command "SYSDATA" - rest of line ignored.
SQL> CURRENT-DATE
SP2-0734: unknown command beginning "CURRENT-DA..." - rest of line ignored.
SQL> SELECT P
  2  FROM PROFESOR NATURAL JOIN PLAN_DOCENTE
  3  WHERE FF = 'NULL';
WHERE FF = 'NULL'
           *
ERROR at line 3:
ORA-01858: a non-numeric character was found where a numeric was expected 


SQL> SELECT P
  2  FROM PROFESOR NATURAL JOUN PLAN_DOCENTE
  3  WHERE FF=NULL;
FROM PROFESOR NATURAL JOUN PLAN_DOCENTE
                      *
ERROR at line 2:
ORA-00933: SQL command not properly ended 


SQL> SELECT P
  2  FROM PROFESOR NATURAL JOIN PLAN_DOCENTE
  3  WHERE FF=NULL;

no rows selected

SQL> SELECT DNI
  2  FROM PLAN_DOCENTE
  3  WHERE FF=NULL;

no rows selected

SQL> SELECT DNI
  2  FROM PLAN_DOCENTE
  3  WHERE FF='NULL';
WHERE FF='NULL'
         *
ERROR at line 3:
ORA-01858: a non-numeric character was found where a numeric was expected 


SQL> SELECT P
  2  FROM PROFESOR NATURAL JOIN PLAN_DOCENTE
  3  WHERE FF IS NULL;

P                                                                                                                                 
------------------------------------------------------------                                                                      
DAVID                                                                                                                             
JUAN                                                                                                                              
SOLEDAD                                                                                                                           
CARLOS                                                                                                                            
JOSE MANUEL                                                                                                                       
PEDRO                                                                                                                             
PEDRO                                                                                                                             
MARIA                                                                                                                             
MARIA                                                                                                                             
IVAN                                                                                                                              
MARIO                                                                                                                             
FRANCISCO                                                                                                                         
ANGELA                                                                                                                            

13 rows selected.

SQL> /* 8.Nombres de los profesores que han impartido la asignatura con cdddigo 8*/
SQL> SELECT P
  2  FROM PROFESOR NATURAL JOIN PLAN_DOCENTE
  3  WHERE CAS = 8;

P                                                                                                                                 
------------------------------------------------------------                                                                      
JUAN                                                                                                                              
JUAN                                                                                                                              
JOSE MANUEL                                                                                                                       

SQL> /* 9.Listar  las  t-uplas  de  la  tabla PLAN_DOCENTE ordenadas  de  forma  ascendente,  segn el campo FF. */
SQL> SELECT PLAN_DOCENTE
  2  
SQL> 
SQL> SELECT *
  2  FROM PLAN_DOCENTE
  3  ORDER BY FF ASC;

       DNI        CAS        CTA        CPA        CLA FI        FF                                                               
---------- ---------- ---------- ---------- ---------- --------- ---------                                                        
      2222          3        1.5          0        1.5 01-SEP-06 31-AUG-07                                                        
      1010          2        1.5        1.5          3 01-SEP-05 31-AUG-08                                                        
      1010          9          3          0          3 01-SEP-08 31-AUG-09                                                        
      1111          8          3        1.5        1.5 01-SEP-07 31-AUG-09                                                        
      4444          4        1.5          0        1.5 01-SEP-08 31-AUG-10                                                        
      6666         10          3        1.5        1.5 01-SEP-08 31-AUG-11                                                        
      1010          9        1.5          0        1.5 01-SEP-10                                                                  
      9999          7          3          3          0 01-SEP-10                                                                  
      5555          6          3          3          0 31-MAR-10                                                                  
      8888         11          6          0          0 01-SEP-09                                                                  
      2020          3        1.5          0        1.5 01-SEP-08                                                                  
      7777         12        4.5          3          0 01-SEP-10                                                                  
      3333          9        1.5          0        1.5 01-SEP-09                                                                  
      2222          4        1.5          0        1.5 01-SEP-09                                                                  
      3030          8          0        1.5        1.5 01-SEP-09                                                                  
      1111          8          3          0          0 01-SEP-09                                                                  
      4444          5          3          0          0 01-SEP-10                                                                  

       DNI        CAS        CTA        CPA        CLA FI        FF                                                               
---------- ---------- ---------- ---------- ---------- --------- ---------                                                        
      4444          1          3        1.5        1.5 01-SEP-11                                                                  
      3333          2        1.5        1.5          3 01-SEP-08                                                                  

19 rows selected.

SQL> /* 10.Listar las t-uplas de  la  tabla  PLAN_DOCENTE  ordenadas de  forma  descendente,  segn el campo FF. */
SQL> SELECT *
  2  FROM PLAN_DOCENTE
  3  ORDER BY FF DESC;

       DNI        CAS        CTA        CPA        CLA FI        FF                                                               
---------- ---------- ---------- ---------- ---------- --------- ---------                                                        
      4444          1          3        1.5        1.5 01-SEP-11                                                                  
      3333          2        1.5        1.5          3 01-SEP-08                                                                  
      7777         12        4.5          3          0 01-SEP-10                                                                  
      2020          3        1.5          0        1.5 01-SEP-08                                                                  
      8888         11          6          0          0 01-SEP-09                                                                  
      5555          6          3          3          0 31-MAR-10                                                                  
      9999          7          3          3          0 01-SEP-10                                                                  
      4444          5          3          0          0 01-SEP-10                                                                  
      1111          8          3          0          0 01-SEP-09                                                                  
      3030          8          0        1.5        1.5 01-SEP-09                                                                  
      2222          4        1.5          0        1.5 01-SEP-09                                                                  
      3333          9        1.5          0        1.5 01-SEP-09                                                                  
      1010          9        1.5          0        1.5 01-SEP-10                                                                  
      6666         10          3        1.5        1.5 01-SEP-08 31-AUG-11                                                        
      4444          4        1.5          0        1.5 01-SEP-08 31-AUG-10                                                        
      1010          9          3          0          3 01-SEP-08 31-AUG-09                                                        
      1111          8          3        1.5        1.5 01-SEP-07 31-AUG-09                                                        

       DNI        CAS        CTA        CPA        CLA FI        FF                                                               
---------- ---------- ---------- ---------- ---------- --------- ---------                                                        
      1010          2        1.5        1.5          3 01-SEP-05 31-AUG-08                                                        
      2222          3        1.5          0        1.5 01-SEP-06 31-AUG-07                                                        

19 rows selected.

SQL> SPOOL
currently spooling to prac5.lst
SQL> /*Nombres  de  los  profesores  que  han  impartido  la  asignatu OPTIMIZACION en  la titulacinnn GII.Ordena los nombres ascendentemente. */

       DNI        CAS        CTA        CPA        CLA FI        FF                                                               
---------- ---------- ---------- ---------- ---------- --------- ---------                                                        
      4444          1          3        1.5        1.5 01-SEP-11                                                                  
      3333          2        1.5        1.5          3 01-SEP-08                                                                  
      7777         12        4.5          3          0 01-SEP-10                                                                  
      2020          3        1.5          0        1.5 01-SEP-08                                                                  
      8888         11          6          0          0 01-SEP-09                                                                  
      5555          6          3          3          0 31-MAR-10                                                                  
      9999          7          3          3          0 01-SEP-10                                                                  
      4444          5          3          0          0 01-SEP-10                                                                  
      1111          8          3          0          0 01-SEP-09                                                                  
      3030          8          0        1.5        1.5 01-SEP-09                                                                  
      2222          4        1.5          0        1.5 01-SEP-09                                                                  
      3333          9        1.5          0        1.5 01-SEP-09                                                                  
      1010          9        1.5          0        1.5 01-SEP-10                                                                  
      6666         10          3        1.5        1.5 01-SEP-08 31-AUG-11                                                        
      4444          4        1.5          0        1.5 01-SEP-08 31-AUG-10                                                        
      1010          9          3          0          3 01-SEP-08 31-AUG-09                                                        
      1111          8          3        1.5        1.5 01-SEP-07 31-AUG-09                                                        

       DNI        CAS        CTA        CPA        CLA FI        FF                                                               
---------- ---------- ---------- ---------- ---------- --------- ---------                                                        
      1010          2        1.5        1.5          3 01-SEP-05 31-AUG-08                                                        
      2222          3        1.5          0        1.5 01-SEP-06 31-AUG-07                                                        

19 rows selected.

SQL> SELECT P
  2  FROM (PROFESOR NATURAL JOIN PLAN_DOCENTE) NATURAL JOIN ASIGNATURA
  3  WHERE (CAS = 8) AND (T= 'GII');

P                                                                                                                                 
------------------------------------------------------------                                                                      
JUAN                                                                                                                              
JUAN                                                                                                                              
JOSE MANUEL                                                                                                                       

SQL> SELECT P
  2  FROM (PROFESOR NATURAL JOIN PLAN_DOCENTE) NATURAL JOIN ASIGNATURA
  3  WHERE (CAS = 8) AND (T= 'GII')
  4  ORDER BY P ASC;

P                                                                                                                                 
------------------------------------------------------------                                                                      
JOSE MANUEL                                                                                                                       
JUAN                                                                                                                              
JUAN                                                                                                                              

SQL> /* 12.Listar los nombres de los profesoresdel  departamento MATEMATICA FUNDAMENTAL. Ordena los nombres descendentemente.*/
SQL> SELECT P
  2  FROM (PROFESOR NATURAL JOIN AREA) NATURAL JOIN DEPARTAMENTO
  3  WHERE D = 'MATEMATICA FUNDAMENTAL'
  4  ORDER BY P DESC;

P                                                                                                                                 
------------------------------------------------------------                                                                      
IVAN                                                                                                                              

SQL> HOST

SQL> spool off
