SQL> SET SERVEROUTPUT ON
SQL> BEGIN
  2  BDMS_OUTPUT.PUT_LINE('HOLA MUNDO');
  3  END;
  4  /
BDMS_OUTPUT.PUT_LINE('HOLA MUNDO');
*
ERROR at line 2:
ORA-06550: line 2, column 1: 
PLS-00201: identifier 'BDMS_OUTPUT.PUT_LINE' must be declared 
ORA-06550: line 2, column 1: 
PL/SQL: Statement ignored 


SQL> BEGIN
  2  DBMS_OUTPUT.PUT_LINE('HOLA MUNDO');
  3  END;
  4  /
HOLA MUNDO                                                                      

PL/SQL procedure successfully completed.

SQL> SAVE HOLAMUNDO
Created file HOLAMUNDO.sql
SQL> GET HOLAMUNDO
  1  BEGIN
  2  DBMS_OUTPUT.PUT_LINE('HOLA MUNDO');
  3* END;
SQL> RUN+
  1  BEGIN
  2  DBMS_OUTPUT.PUT_LINE('HOLA MUNDO');
  3* END;
HOLA MUNDO                                                                      

PL/SQL procedure successfully completed.

SQL> @HOLAMUNDO
HOLA MUNDO                                                                      

PL/SQL procedure successfully completed.

SQL> @@HOLAMUNDO
HOLA MUNDO                                                                      

PL/SQL procedure successfully completed.

SQL> CREATE OR REPLACE PROCEDURE HOLAMUNDO
  2  IS
  3  BEGIN DBMS_OUTPUT.PUT_LINE('HOLA MUNDO');
  4  END;
  5  /

Procedure created.

SQL> HOLAMUNDO
SP2-0042: unknown command "HOLAMUNDO" - rest of line ignored.
SQL> BEGIN
  2  HOLAMUNDO
  3  
  4  
  5  
  6  
  7  
  8  
  9  
 10  
 11  
 12  
 13  /
BEGIN
*
ERROR at line 1:
ORA-06550: line 12, column 0: 
PLS-00103: Encountered the symbol "end-of-file" when expecting one of the 
following: 
:= . ( @ % ; 


SQL> BEGIN
  2  HOLAMUNDO();
  3  END;
  4  /
HOLA MUNDO                                                                      

PL/SQL procedure successfully completed.

SQL> CALL HOLAMUNDO();
HOLA MUNDO                                                                      

Call completed.

SQL> SELECT HOLAMUNDO()
  2  FROM DUAL;
SELECT HOLAMUNDO()
       *
ERROR at line 1:
ORA-00904: "HOLAMUNDO": invalid identifier 


SQL> SELECT HOLAMUNDO
  2  FROM DUAL;
SELECT HOLAMUNDO
       *
ERROR at line 1:
ORA-00904: "HOLAMUNDO": invalid identifier 


SQL> SELECT HOLAMUNDO()
  2  FROM DUAL;
SELECT HOLAMUNDO()
       *
ERROR at line 1:
ORA-00904: "HOLAMUNDO": invalid identifier 


SQL> SELECT CALL.HOLAMUNDO()
  2  FROM DUAL;
SELECT CALL.HOLAMUNDO()
       *
ERROR at line 1:
ORA-00904: "CALL"."HOLAMUNDO": invalid identifier 


SQL> CREATE OR REPLACE FUNCTION DOBLE (X NUMBER)
  2  RETURN NUMBER IS
  3  BEGIN
  4  RETURN 2*X;
  5  END;
  6  /

Function created.

SQL> SELECT DOBLE(8)
  2  FROM DUAL;

  DOBLE(8)                                                                      
----------                                                                      
        16                                                                      

SQL> BEGIN
  2  DBMS_OUTPUT.PUT_LINE(DOBLE(4));
  3  END;
  4  /
8                                                                               

PL/SQL procedure successfully completed.

SQL> CALL DOBLE(4);
CALL DOBLE(4)
     *
ERROR at line 1:
ORA-06576: not a valid function or procedure name 


SQL> DOBLE(4)
SP2-0042: unknown command "DOBLE(4)" - rest of line ignored.
SQL> VARIABLE X NUMBER
SQL> CALL DOBLE(4) INTO X
  2  ;

*
ERROR at line 2:
ORA-01745: invalid host/bind variable name 


SQL> CALL DOBLE(4) INTO :X
  2  ;

Call completed.

SQL> print x;

         X                                                                      
----------                                                                      
         8                                                                      

SQL> CREATE OR REPLACE FUNCTION NOMPRO(D PROFESOR.DNI%TYPE)
  2  RETURN PROFESOR.P%TYPE IS
  3  N PROFESOR.P%TYPE;
  4  BEGIN
  5  SELECT P
  6  INTO N
  7  FROM PROFESOR
  8  WHERE DNI = D;
  9  RETURN N;
 10  END;
 11  /

Function created.

SQL> SELECT NOMPRO(4444)
  2  FROM DUAL;

NOMPRO(4444)                                                                    
--------------------------------------------------------------------------------
MARIA                                                                           

SQL> HOST

SQL> select p from profesor
  2  where dni=&d;
Enter value for d: 4444
old   2: where dni=&d
new   2: where dni=4444

P                                                                               
------------------------------------------------------------                    
MARIA                                                                           

SQL> SELECT *
  2  FROM &TABLA;
Enter value for tabla: PROFESOR
old   2: FROM &TABLA
new   2: FROM PROFESOR

       DNI P                                                                    
---------- ------------------------------------------------------------         
       CAR CAT                                                                  
---------- -----                                                                
      4040 CARMELO                                                              
         7 TU                                                                   
                                                                                
      5050 CARINA                                                               
         8 CEU                                                                  
                                                                                
      1111 JUAN                                                                 
         6 CU                                                                   
                                                                                

       DNI P                                                                    
---------- ------------------------------------------------------------         
       CAR CAT                                                                  
---------- -----                                                                
      2222 CARLOS                                                               
         7 TU                                                                   
                                                                                
      3333 PEDRO                                                                
         4 TEU                                                                  
                                                                                
      4444 MARIA                                                                
         7 TU                                                                   
                                                                                

       DNI P                                                                    
---------- ------------------------------------------------------------         
       CAR CAT                                                                  
---------- -----                                                                
      5555 IVAN                                                                 
         1 CEU                                                                  
                                                                                
      6666 CARMEN                                                               
         3 CD                                                                   
                                                                                
      7777 MARIO                                                                
         2 TU                                                                   
                                                                                

       DNI P                                                                    
---------- ------------------------------------------------------------         
       CAR CAT                                                                  
---------- -----                                                                
      8888 FRANCISCO                                                            
         5 TU                                                                   
                                                                                
      9999 ANGELA                                                               
         8 TEU                                                                  
                                                                                
      1010 DAVID                                                                
         4 TU                                                                   
                                                                                

       DNI P                                                                    
---------- ------------------------------------------------------------         
       CAR CAT                                                                  
---------- -----                                                                
      2020 SOLEDAD                                                              
         7 CU                                                                   
                                                                                
      3030 JOSE MANUEL                                                          
         6 TEU                                                                  
                                                                                

14 rows selected.

SQL> SET LINESIZE 150;
SQL> SET PAGESIZE 150;
SQL> CREATE OR REPLACE PROCEDURE LS_PROF
  2  IS
  3  CURSOR C IS
  4  SELECT *
  5  FROM PROFESOR
  6  ;
  7  
  8  fila PROFESOR%ROWRYPE;
  9  BEGIN
 10  OPEN C;
 11  LOOP
 12  FETCH C INTO fila;
 13  EXIT WHEN C%NOTFOUND;
 14  DBMS_OUTPUT.PUT_LINE(fila.DNI, fila.P, fila.CAR, fila.CAT);
 15  END LOOP;
 16  END;
 17  /

Warning: Procedure created with compilation errors.

SQL> CALL LS_PROF
  2  ;
CALL LS_PROF
     *
ERROR at line 1:
ORA-06576: not a valid function or procedure name 


SQL> CALL LS_PROF;
CALL LS_PROF
     *
ERROR at line 1:
ORA-06576: not a valid function or procedure name 


SQL> CREATE OR REPLACE PROCEDURE LS_PROF
  2  IS
  3  CURSOR C IS
  4  SELECT *
  5  FROM PROFESOR;
  6  fila PROFESOR%ROWTYPE;
  7  BEGIN
  8  OPEN C;
  9  LOOP
 10  FETCH C INTO fila;
 11  EXIT WHEN C%NOTFOUND;
 12  DBMS_OUTPUT.PUT_LINE(fila.DNI, fila.P, fila.CAR, fila.CAT);
 13  END LOOP;
 14  EXIT;
 15  /

Warning: Procedure created with compilation errors.

SQL> SAVE LS_PROF
Created file LS_PROF.sql
SQL> SPOOL OFF;
