SQL> SELECT *
  2  FROM AREA;

       CAR AR                                                                   CD                                                
---------- ------------------------------------------------------------ ----------                                                
         1 ALGEBRA                                                               4                                                
         2 ANALISIS MATEMATICO                                                   1                                                
         3 ASTRONOMIA Y ASTROFISICA                                              2                                                
         4 CIENCIAS DE LA COMPUTACION E INTELIGENCIA ARTIFICIAL                  3                                                
         5 DIDACTICA DE LA MATEMATICA                                            1                                                
         6 ESTADISTICA E INVESTIGACION OPERATIVA                                 3                                                
         7 LENGUAJES Y SISTEMAS INFORMATICOS                                     3                                                
         8 MATEMATICA APLICADA                                                   1                                                

8 rows selected.

SQL> SELECT *
  2  FROM DEPARTAMENTO;

        CD D                                                                                                                      
---------- ------------------------------------------------------------                                                           
         1 ANALISIS MATEMATICO                                                                                                    
         2 ASTROFISICA                                                                                                            
         3 ESTADISTICA, INVESTIGACION OPERATIVA Y COMPUTACION                                                                     
         4 MATEMATICA FUNDAMENTAL                                                                                                 

SQL> SELECT *
  2  FROM PROFESOR;

       DNI P                                                                   CAR CAT                                            
---------- ------------------------------------------------------------ ---------- -----                                          
      1111 JUAN                                                                  6 CU                                             
      2222 CARLOS                                                                7 TU                                             
      3333 PEDRO                                                                 4 TEU                                            
      4444 MARIA                                                                 7 TU                                             
      5555 IVAN                                                                  1 CEU                                            
      6666 CARMEN                                                                3 CD                                             
      7777 MARIO                                                                 2 TU                                             
      8888 FRANCISCO                                                             5 TU                                             
      9999 ANGELA                                                                8 TEU                                            
      1010 DAVID                                                                 4 TU                                             
      2020 SOLEDAD                                                               7 CU                                             
      3030 JOSE MANUEL                                                           6 TEU                                            

12 rows selected.

SQL> SELECT *
  2  FROM ASIGNATURA;

       CAS A                                                  T           CUR        CAR         CT         CP         CL         
---------- -------------------------------------------------- ---- ---------- ---------- ---------- ---------- ----------         
         1 BASES DE DATOS                                     GII           3          7          3        1.5        1.5         
         2 INTELIGENCIA ARTIFICIAL                            GII           3          4        1.5        1.5          3         
         3 ALMACENES DE DATOS                                 MII           1          7        1.5          0        1.5         
         4 MINERIA DE DATOS                                   MII           1          7        1.5          0        1.5         
         5 INFORMATICA BASICA                                 GII           1          7          3        1.5        1.5         
         6 ALGEBRA                                            GII           1          1          3          3          0         
         7 CALCULO                                            GII           1          8          3          3          0         
         8 OPTIMIZACION                                       GII           1          6          3        1.5        1.5         
         9 GESTION DE RIESGOS                                 GII           3          4          3          0          3         
        10 ASTRONOMIA                                         GF            2          3          3        1.5        1.5         
        11 ENSENANZA DE LA MATEMATICA                         GM            2          5          6          0          0         
        12 ANALISIS COMPLEJO                                  GM            4          2        4.5          3          0         

12 rows selected.

SQL> SELECT *
  2  FROM PLAN_DOCENTE;

       DNI        CAS        CTA        CPA        CLA FI        FF                                                               
---------- ---------- ---------- ---------- ---------- --------- ---------                                                        
      4444          1          3        1.5        1.5 01-SEP-11                                                                  
      4444          4        1.5          0        1.5 01-SEP-08 31-AUG-10                                                        
      4444          5          3          0          0 01-SEP-10                                                                  
      1111          8          3        1.5        1.5 01-SEP-07 31-AUG-09                                                        
      1111          8          3          0          0 01-SEP-09                                                                  
      3030          8          0        1.5        1.5 01-SEP-09                                                                  
      2222          4        1.5          0        1.5 01-SEP-09                                                                  
      2222          3        1.5          0        1.5 01-SEP-06 31-AUG-07                                                        
      1010          2        1.5        1.5          3 01-SEP-05 31-AUG-08                                                        
      3333          2        1.5        1.5          3 01-SEP-08                                                                  
      1010          9          3          0          3 01-SEP-08 31-AUG-09                                                        
      1010          9        1.5          0        1.5 01-SEP-10                                                                  
      9999          7          3          3          0 01-SEP-10                                                                  
      5555          6          3          3          0 31-MAR-10                                                                  
      6666         10          3        1.5        1.5 01-SEP-08 31-AUG-11                                                        
      8888         11          6          0          0 01-SEP-09                                                                  
      2020          3        1.5          0        1.5 01-SEP-08                                                                  

       DNI        CAS        CTA        CPA        CLA FI        FF                                                               
---------- ---------- ---------- ---------- ---------- --------- ---------                                                        
      7777         12        4.5          3          0 01-SEP-10                                                                  
      3333          9        1.5          0        1.5 01-SEP-09                                                                  

19 rows selected.

SQL> /*1.Listar todos  los registros de la tabla DEPARTAMENTO. Nombra explitamente todos los campos detrs del SELECT.
SQL> L
SQL> HOST
SQL> */
SQL> L
  1  SELECT *
  2* FROM PLAN_DOCENTE
SQL> SELECT CD, D
  2  FROM DEPARTAMENTO;

        CD D                                                                                                                      
---------- ------------------------------------------------------------                                                           
         1 ANALISIS MATEMATICO                                                                                                    
         2 ASTROFISICA                                                                                                            
         3 ESTADISTICA, INVESTIGACION OPERATIVA Y COMPUTACION                                                                     
         4 MATEMATICA FUNDAMENTAL                                                                                                 

SQL> /*2.Listar todos los registros de la tabla AREA. Utiliza * detrs del SELECT. */
SQL> SELECT *
  2  FROM AREA;

       CAR AR                                                                   CD                                                
---------- ------------------------------------------------------------ ----------                                                
         1 ALGEBRA                                                               4                                                
         2 ANALISIS MATEMATICO                                                   1                                                
         3 ASTRONOMIA Y ASTROFISICA                                              2                                                
         4 CIENCIAS DE LA COMPUTACION E INTELIGENCIA ARTIFICIAL                  3                                                
         5 DIDACTICA DE LA MATEMATICA                                            1                                                
         6 ESTADISTICA E INVESTIGACION OPERATIVA                                 3                                                
         7 LENGUAJES Y SISTEMAS INFORMATICOS                                     3                                                
         8 MATEMATICA APLICADA                                                   1                                                

8 rows selected.

SQL> /* 3.Listar todos los DNIde los profesores. */
SQL> SELECT DNI
  2  FROM PROFESOR;

       DNI                                                                                                                        
----------                                                                                                                        
      1010                                                                                                                        
      1111                                                                                                                        
      2020                                                                                                                        
      2222                                                                                                                        
      3030                                                                                                                        
      3333                                                                                                                        
      4444                                                                                                                        
      5555                                                                                                                        
      6666                                                                                                                        
      7777                                                                                                                        
      8888                                                                                                                        
      9999                                                                                                                        

12 rows selected.

SQL> SPOOL
currently spooling to PRACT4.lst
SQL> /* 4.Listar todas las t-uplas de la tabla PROFESOR. */
SQL> SELECT DNI, P, CAR, CAT
  2  FROM PROFESOR;

       DNI P                                                                   CAR CAT                                            
---------- ------------------------------------------------------------ ---------- -----                                          
      1111 JUAN                                                                  6 CU                                             
      2222 CARLOS                                                                7 TU                                             
      3333 PEDRO                                                                 4 TEU                                            
      4444 MARIA                                                                 7 TU                                             
      5555 IVAN                                                                  1 CEU                                            
      6666 CARMEN                                                                3 CD                                             
      7777 MARIO                                                                 2 TU                                             
      8888 FRANCISCO                                                             5 TU                                             
      9999 ANGELA                                                                8 TEU                                            
      1010 DAVID                                                                 4 TU                                             
      2020 SOLEDAD                                                               7 CU                                             
      3030 JOSE MANUEL                                                           6 TEU                                            

12 rows selected.

SQL> HOST

SQL> spool off;
SQL> SPOOL
currently spooling to PRACT4.lst
SQL> HOST

SQL> SET PAGESIZE 20;
SQL> SET LINESEIZE 130;
SP2-0158: unknown SET option "LINESEIZE"
SQL> SET LINESIZE 130;
SQL> /* 5.Listar  todas  las  t-uplas  de  la  tabla PROFESOR  proyectando  losatributos en  el  siguiente orden: P, DNI, CAT, CAR. */
SQL> SELECT P, DNI, CAT, CAR
  2  FROM PROFESOR;

P                                                                   DNI CAT          CAR                                          
------------------------------------------------------------ ---------- ----- ----------                                          
JUAN                                                               1111 CU             6                                          
CARLOS                                                             2222 TU             7                                          
PEDRO                                                              3333 TEU            4                                          
MARIA                                                              4444 TU             7                                          
IVAN                                                               5555 CEU            1                                          
CARMEN                                                             6666 CD             3                                          
MARIO                                                              7777 TU             2                                          
FRANCISCO                                                          8888 TU             5                                          
ANGELA                                                             9999 TEU            8                                          
DAVID                                                              1010 TU             4                                          
SOLEDAD                                                            2020 CU             7                                          
JOSE MANUEL                                                        3030 TEU            6                                          

12 rows selected.

SQL> /* 6.Idem que la anterior pero ahora pon un alias explicativo para cada uno de los atributos. */
SQL> SELECT P PROF, DNI NIF, CAT CATEG, CAR CODE
  2  FROM PROFESOR;

PROF                                                                NIF CATEG       CODE                                          
------------------------------------------------------------ ---------- ----- ----------                                          
JUAN                                                               1111 CU             6                                          
CARLOS                                                             2222 TU             7                                          
PEDRO                                                              3333 TEU            4                                          
MARIA                                                              4444 TU             7                                          
IVAN                                                               5555 CEU            1                                          
CARMEN                                                             6666 CD             3                                          
MARIO                                                              7777 TU             2                                          
FRANCISCO                                                          8888 TU             5                                          
ANGELA                                                             9999 TEU            8                                          
DAVID                                                              1010 TU             4                                          
SOLEDAD                                                            2020 CU             7                                          
JOSE MANUEL                                                        3030 TEU            6                                          

12 rows selected.

SQL> /* 7.Listar todas las t-uplas de la tabla ASIGNATURA. */
SQL> SELECT *
  2  FROM ASIGNATURA;

       CAS A                                                  T           CUR        CAR         CT         CP         CL         
---------- -------------------------------------------------- ---- ---------- ---------- ---------- ---------- ----------         
         1 BASES DE DATOS                                     GII           3          7          3        1.5        1.5         
         2 INTELIGENCIA ARTIFICIAL                            GII           3          4        1.5        1.5          3         
         3 ALMACENES DE DATOS                                 MII           1          7        1.5          0        1.5         
         4 MINERIA DE DATOS                                   MII           1          7        1.5          0        1.5         
         5 INFORMATICA BASICA                                 GII           1          7          3        1.5        1.5         
         6 ALGEBRA                                            GII           1          1          3          3          0         
         7 CALCULO                                            GII           1          8          3          3          0         
         8 OPTIMIZACION                                       GII           1          6          3        1.5        1.5         
         9 GESTION DE RIESGOS                                 GII           3          4          3          0          3         
        10 ASTRONOMIA                                         GF            2          3          3        1.5        1.5         
        11 ENSENANZA DE LA MATEMATICA                         GM            2          5          6          0          0         
        12 ANALISIS COMPLEJO                                  GM            4          2        4.5          3          0         

12 rows selected.

SQL> /* 8.Listar todas las t-uplas de la tabla ASIGNATURA asociadas a la titulacinnn GII. */
SQL> SELECT *
  2  FROM ASIGNATURA
  3  WHERE (ASIGNATURA.T = 'GII');

       CAS A                                                  T           CUR        CAR         CT         CP         CL         
---------- -------------------------------------------------- ---- ---------- ---------- ---------- ---------- ----------         
         1 BASES DE DATOS                                     GII           3          7          3        1.5        1.5         
         2 INTELIGENCIA ARTIFICIAL                            GII           3          4        1.5        1.5          3         
         5 INFORMATICA BASICA                                 GII           1          7          3        1.5        1.5         
         6 ALGEBRA                                            GII           1          1          3          3          0         
         7 CALCULO                                            GII           1          8          3          3          0         
         8 OPTIMIZACION                                       GII           1          6          3        1.5        1.5         
         9 GESTION DE RIESGOS                                 GII           3          4          3          0          3         

7 rows selected.

SQL> /* 9.Listar los DNI de los profesoresdel rea con cdddigo 7. */
SQL> SELECT *
  2  FROM PROFESOR;

       DNI P                                                                   CAR CAT                                            
---------- ------------------------------------------------------------ ---------- -----                                          
      1111 JUAN                                                                  6 CU                                             
      2222 CARLOS                                                                7 TU                                             
      3333 PEDRO                                                                 4 TEU                                            
      4444 MARIA                                                                 7 TU                                             
      5555 IVAN                                                                  1 CEU                                            
      6666 CARMEN                                                                3 CD                                             
      7777 MARIO                                                                 2 TU                                             
      8888 FRANCISCO                                                             5 TU                                             
      9999 ANGELA                                                                8 TEU                                            
      1010 DAVID                                                                 4 TU                                             
      2020 SOLEDAD                                                               7 CU                                             
      3030 JOSE MANUEL                                                           6 TEU                                            

12 rows selected.

SQL> SELECT P
  2  FROM PROFESOR
  3  WHERE (PROFESOR.CAR = 7);

P                                                                                                                                 
------------------------------------------------------------                                                                      
CARLOS                                                                                                                            
MARIA                                                                                                                             
SOLEDAD                                                                                                                           

SQL> SELECT DNI
  2  FROM PROFESOR
  3  WHERE (PROFESOR.CAR = 7);

       DNI                                                                                                                        
----------                                                                                                                        
      2222                                                                                                                        
      4444                                                                                                                        
      2020                                                                                                                        

SQL> /* 10.Listar, eliminando duplicados, los nombresde los profesores del rea con cdddigo 7.*/
SQL> SELECT DISTINCT P
  2  FROM PROFESOR
  3  WHERE (PROFESOR.CAR = 7);

P                                                                                                                                 
------------------------------------------------------------                                                                      
SOLEDAD                                                                                                                           
CARLOS                                                                                                                            
MARIA                                                                                                                             

SQL> /* 11.Listar los nombres de las asignaturasque tengan un cdddigomayor o igual que 7. */
SQL> SELECT A
  2  FROM ASIGNATURA
  3  WHERE ((ASIGNATURA.CAR - 6) > 0);

A                                                                                                                                 
--------------------------------------------------                                                                                
BASES DE DATOS                                                                                                                    
ALMACENES DE DATOS                                                                                                                
MINERIA DE DATOS                                                                                                                  
INFORMATICA BASICA                                                                                                                
CALCULO                                                                                                                           

SQL> /* 12.Listar los nombres de las asignaturas que tengan un cdddigo mayor que 7 */
SQL> SELECT A
  2  FROM ASIGNATURA
  3  WHERE (ASIGNATURA.CAR > 7);

A                                                                                                                                 
--------------------------------------------------                                                                                
CALCULO                                                                                                                           

SQL> /* 13.Listar el cdddigo de la asignaturacon ALMACENES DE DATOS. */
SQL> SELECT CAS
  2  FROM ASIGNATURA
  3  WHERE (ASIGNATURA.A = 'ALMACENES DE DATOS');

       CAS                                                                                                                        
----------                                                                                                                        
         3                                                                                                                        

SQL> /* 14.Listar los nombres de las asignaturasque tengan un cdddigodistinto de 8. */
SQL> SELECT A
  2  FROM ASIGNATURA
  3  WHERE NOT EXIST (ASIGNATURA.CAS = 8);
WHERE NOT EXIST (ASIGNATURA.CAS = 8)
                                *
ERROR at line 3:
ORA-00907: missing right parenthesis 


SQL> I
  4  ;
WHERE NOT EXIST (ASIGNATURA.CAS = 8)
                                *
ERROR at line 3:
ORA-00907: missing right parenthesis 


SQL> L
  1  SELECT A
  2  FROM ASIGNATURA
  3  WHERE NOT EXIST (ASIGNATURA.CAS = 8)
  4* 
SQL> I 3
SQL> L
  1  SELECT A
  2  FROM ASIGNATURA
  3  WHERE NOT EXIST (ASIGNATURA.CAS = 8)
  4  
  5* 3
SQL> SELECT A
  2  FROM ASIGNATURA
  3  WHERE NOT EXIST(ASIGNATURA.CAS = 8);
WHERE NOT EXIST(ASIGNATURA.CAS = 8)
                               *
ERROR at line 3:
ORA-00907: missing right parenthesis 


SQL> SELECT A
  2  FROM ASIGNATURA
  3  WHERE NOT EXISTASIGNATURA.CAS = 8;
WHERE NOT EXISTASIGNATURA.CAS = 8
          *
ERROR at line 3:
ORA-00904: "EXISTASIGNATURA"."CAS": invalid identifier 


SQL> SELECT A
  2  FROM ASIGNATURA
  3  WHERE NOT EXISTS (ASIGNATURA.CAS = 8);
WHERE NOT EXISTS (ASIGNATURA.CAS = 8)
                  *
ERROR at line 3:
ORA-00928: missing SELECT keyword 


SQL> SELECT A
  2  FROM ASIGNATURA
  3  WHERE NOT EXIST (SELECT *
  4  FROM ASIGNATURA
  5  WHERE (ASIGNATURA.CAS = 8);
WHERE NOT EXIST (SELECT *
                 *
ERROR at line 3:
ORA-00936: missing expression 


SQL> SELECT A
  2  FROM ASIGNATURA
  3  WHERE NOT EXISTS (SELECT A
  4  FROM ASIGNATURA
  5  WHERE (ASIGNATURA.CAS = 8);
WHERE (ASIGNATURA.CAS = 8)
                         *
ERROR at line 5:
ORA-00907: missing right parenthesis 


SQL> SELECT A
  2  FROM ASIGNATURA
  3  WHERE NOT EXISTS (SELECT A
  4  FROM ASIGNATURA
  5  WHERE (ASIGNATURA.CAS = 8));

no rows selected

SQL> SELECT A
  2  FROM ASIGNATURA
  3  WHERE NOT EXISTS (SELECT *
  4  FROM ASIGNATURA
  5  WHERE (ASIGNATURA.CAS = 8));

no rows selected

SQL> SELECT *
  2  FROM ASIGNATURA
  3  WHERE ASIGNATURA.CAS = 8;

       CAS A                                                  T           CUR        CAR         CT         CP         CL         
---------- -------------------------------------------------- ---- ---------- ---------- ---------- ---------- ----------         
         8 OPTIMIZACION                                       GII           1          6          3        1.5        1.5         

SQL> SELECT A
  2  FROM ASIGNATURA
  3  WHERE (ASIGNATURA.CAS > 8) AND (ASIGNATURA.CAS < 8);

no rows selected

SQL> SELECT A
  2  FROM ASIGNATURA
  3  WHERE ASIGNATURA.CAS = 8;

A                                                                                                                                 
--------------------------------------------------                                                                                
OPTIMIZACION                                                                                                                      

SQL> SELECT A FROM ASIGNATURA
  2  WHERE NOT BETWEEN 7 AND 9;
WHERE NOT BETWEEN 7 AND 9
          *
ERROR at line 2:
ORA-00936: missing expression 


SQL> NOT EXIST (SELECT *
SP2-0734: unknown command beginning "NOT EXIST ..." - rest of line ignored.
SQL> SELECT A
  2  FROM ASIGNATURA
  3  MINUS
  4  SELECT A
  5  FROM ASIGNATURA
  6  WHERE (ASIGNATURA.CAS = 8);

A                                                                                                                                 
--------------------------------------------------                                                                                
ALGEBRA                                                                                                                           
ALMACENES DE DATOS                                                                                                                
ANALISIS COMPLEJO                                                                                                                 
ASTRONOMIA                                                                                                                        
BASES DE DATOS                                                                                                                    
CALCULO                                                                                                                           
ENSENANZA DE LA MATEMATICA                                                                                                        
GESTION DE RIESGOS                                                                                                                
INFORMATICA BASICA                                                                                                                
INTELIGENCIA ARTIFICIAL                                                                                                           
MINERIA DE DATOS                                                                                                                  

11 rows selected.

SQL> /* 14.Listar los nombres de las asignaturasque tengan un cdddigodistinto de 8. */
SQL> SELECT A
  2  FROM ASIGNATURA
  3  MINUS
  4  SELECT A
  5  FROM ASIGNATURA
  6  WHERE (ASIGNATURA.CAS = 8);

A                                                                                                                                 
--------------------------------------------------                                                                                
ALGEBRA                                                                                                                           
ALMACENES DE DATOS                                                                                                                
ANALISIS COMPLEJO                                                                                                                 
ASTRONOMIA                                                                                                                        
BASES DE DATOS                                                                                                                    
CALCULO                                                                                                                           
ENSENANZA DE LA MATEMATICA                                                                                                        
GESTION DE RIESGOS                                                                                                                
INFORMATICA BASICA                                                                                                                
INTELIGENCIA ARTIFICIAL                                                                                                           
MINERIA DE DATOS                                                                                                                  

11 rows selected.

SQL> /* 15.Listar los nombres de las asignaturas que tengan un cdddigo distinto de 8 y 11.*/
SQL> SELECT A
  2  FROM ASIGNATURA
  3  MINUS
  4  SELECT A
  5  FROM ASIGNATURA
  6  WHERE (ASIGNATURA.CAS = 8) AND (ASIGNATURA.CAS = 11);

A                                                                                                                                 
--------------------------------------------------                                                                                
ALGEBRA                                                                                                                           
ALMACENES DE DATOS                                                                                                                
ANALISIS COMPLEJO                                                                                                                 
ASTRONOMIA                                                                                                                        
BASES DE DATOS                                                                                                                    
CALCULO                                                                                                                           
ENSENANZA DE LA MATEMATICA                                                                                                        
GESTION DE RIESGOS                                                                                                                
INFORMATICA BASICA                                                                                                                
INTELIGENCIA ARTIFICIAL                                                                                                           
MINERIA DE DATOS                                                                                                                  
OPTIMIZACION                                                                                                                      

12 rows selected.

SQL> SELECT A
  2  FROM ASIGNATURA
  3  MINUS
  4  (SELECT A
  5  FROM ASIGNATURA
  6  WHERE (ASIGNATURA.CAS = 8)
  7  
SQL> 
SQL> SELECT A
  2  FROM ASIGNATURA
  3  WHERE NOT (ASIGNATURA.CAS = 8);

A                                                                                                                                 
--------------------------------------------------                                                                                
BASES DE DATOS                                                                                                                    
INTELIGENCIA ARTIFICIAL                                                                                                           
ALMACENES DE DATOS                                                                                                                
MINERIA DE DATOS                                                                                                                  
INFORMATICA BASICA                                                                                                                
ALGEBRA                                                                                                                           
CALCULO                                                                                                                           
GESTION DE RIESGOS                                                                                                                
ASTRONOMIA                                                                                                                        
ENSENANZA DE LA MATEMATICA                                                                                                        
ANALISIS COMPLEJO                                                                                                                 

11 rows selected.

SQL> SELECT A
  2  
SQL> 
SQL> /* 14.Listar los nombres de las asignaturasque tengan un cdddigodistinto de 8. */
SQL> SELECT A
  2  FROM ASIGNATURA
  3  WHERE NOT (ASIGNATURA.CAS =8);

A                                                                                                                                 
--------------------------------------------------                                                                                
BASES DE DATOS                                                                                                                    
INTELIGENCIA ARTIFICIAL                                                                                                           
ALMACENES DE DATOS                                                                                                                
MINERIA DE DATOS                                                                                                                  
INFORMATICA BASICA                                                                                                                
ALGEBRA                                                                                                                           
CALCULO                                                                                                                           
GESTION DE RIESGOS                                                                                                                
ASTRONOMIA                                                                                                                        
ENSENANZA DE LA MATEMATICA                                                                                                        
ANALISIS COMPLEJO                                                                                                                 

11 rows selected.

SQL> /* 15.Listar los nombres de las asignaturas que tengan un cdddigo distinto de 8 y 11. */
SQL> SELECT A
  2  FROM ASIGNATURA
  3  WHERE NOT (ASIGNATURA.CAS = 8) AND (ASIGNATURA.CAS = 11);

A                                                                                                                                 
--------------------------------------------------                                                                                
ENSENANZA DE LA MATEMATICA                                                                                                        

SQL> SELECT A
  2  FROM ASIGNATURA
  3  WHERE NO (ASIGNATURA.CAS = 8) AND NOT (ASIGNATURA.CAS = 11);
WHERE NO (ASIGNATURA.CAS = 8) AND NOT (ASIGNATURA.CAS = 11)
                         *
ERROR at line 3:
ORA-00907: missing right parenthesis 


SQL> SELECT A
  2  FROM ASIGNATURA
  3  WHERE NOT (ASIGNATURA.CAS = 8) AND NOT (ASIGNATURA.CAS = 11);

A                                                                                                                                 
--------------------------------------------------                                                                                
BASES DE DATOS                                                                                                                    
INTELIGENCIA ARTIFICIAL                                                                                                           
ALMACENES DE DATOS                                                                                                                
MINERIA DE DATOS                                                                                                                  
INFORMATICA BASICA                                                                                                                
ALGEBRA                                                                                                                           
CALCULO                                                                                                                           
GESTION DE RIESGOS                                                                                                                
ASTRONOMIA                                                                                                                        
ANALISIS COMPLEJO                                                                                                                 

10 rows selected.

SQL> /* 16.Listar los cdddigos de las asignaturas impartidas por el profesor con DNI 3333. */
SQL> SELECT CAS
  2  FROM PLAN_DOCENTE
  3  WHERE PLAN_DOCENTE.DNI = 3333;

       CAS                                                                                                                        
----------                                                                                                                        
         2                                                                                                                        
         9                                                                                                                        

SQL> /* 17.Listar el cdddigo del departamento ASTROFDeSICAb. */
SQL> SELECT CD
  2  FROM DEPARTAMENTO
  3  WHERE DEPARTAMENTO.D = 'ASTROFISICA';

        CD                                                                                                                        
----------                                                                                                                        
         2                                                                                                                        

SQL> /* 18.Listar los DNI de losprofesores quehan sido asignados a asignaturas el dC-a b01-09-09b. */
SQL> SELECT DNI
  2  FROM PLAN_DOCENTE
  3  WHERE PLAN_DOCENTE.FI = '01-SEP-09';

       DNI                                                                                                                        
----------                                                                                                                        
      1111                                                                                                                        
      2222                                                                                                                        
      3030                                                                                                                        
      3333                                                                                                                        
      8888                                                                                                                        

SQL> /* 19.Listar  los  DNI  de  los profesores  que  han  sido asignados  a  asignaturascon  anterioridad  al b01-01-09b. */
SQL> SELECT DNI
  2  FROM PLAN_DOCENTE
  3  WHERE PLAN_DOCENTE.FI < '01-JAN-09';

       DNI                                                                                                                        
----------                                                                                                                        
      1010                                                                                                                        
      1010                                                                                                                        
      1111                                                                                                                        
      2020                                                                                                                        
      2222                                                                                                                        
      3333                                                                                                                        
      4444                                                                                                                        
      6666                                                                                                                        

8 rows selected.

SQL> /* 20.Listar los nombres de las asignaturas adscritas a las C!reas 3, 5 y 8. */
SQL> SELECT A
  2  FROM ASIGNATURA
  3  WHERE ASIGNATURA.CAR IN (3,5,8);

A                                                                                                                                 
--------------------------------------------------                                                                                
CALCULO                                                                                                                           
ASTRONOMIA                                                                                                                        
ENSENANZA DE LA MATEMATICA                                                                                                        

SQL> /* 21.Listar los nombres de las asignaturas que no estC!n adscritas a las C!reas 3, 5 y 8 */
SQL> SELECT A
  2  FROM ASIGNATURA
  3  WHERE ASIGNATURA.CAR NOT IN (3, 5, 8);

A                                                                                                                                 
--------------------------------------------------                                                                                
BASES DE DATOS                                                                                                                    
INTELIGENCIA ARTIFICIAL                                                                                                           
ALMACENES DE DATOS                                                                                                                
MINERIA DE DATOS                                                                                                                  
INFORMATICA BASICA                                                                                                                
ALGEBRA                                                                                                                           
OPTIMIZACION                                                                                                                      
GESTION DE RIESGOS                                                                                                                
ANALISIS COMPLEJO                                                                                                                 

9 rows selected.

SQL> /* 22.Listar los nombres de los profesores cuyo DNI estC! comprendido entre 3000 y 7000. */
SQL> SELECT P
  2  FROM PROFESORES
  3  WHERE PROFESORES.DNI BETWEEN 3000 AND 7000;
FROM PROFESORES
     *
ERROR at line 2:
ORA-00942: table or view does not exist 


SQL> SELECT P
  2  FROM PROFESOR
  3  WHERE PROFESOR.DNI BETWEEN 3000 AND 7000;

P                                                                                                                                 
------------------------------------------------------------                                                                      
JOSE MANUEL                                                                                                                       
PEDRO                                                                                                                             
MARIA                                                                                                                             
IVAN                                                                                                                              
CARMEN                                                                                                                            

SQL> /* 23.Listar los nombres de los profesores cuyo DNI  no estC!comprendido entre 3000 y 7000. */
SQL> SELECT P
  2  FROM PROFESOR
  3  WHERE PROFESOR.DNI NOT BETWEEN 3000 AND 7000;

P                                                                                                                                 
------------------------------------------------------------                                                                      
JUAN                                                                                                                              
CARLOS                                                                                                                            
MARIO                                                                                                                             
FRANCISCO                                                                                                                         
ANGELA                                                                                                                            
DAVID                                                                                                                             
SOLEDAD                                                                                                                           

7 rows selected.

SQL> /* 24.Listar los cC3digos de las asignaturas asignadas actualmente al profesor con DNI 1111 */
SQL> SELECT CAS
  2  FROM PLAN_DOCENTE
  3  WHERE PLAN_DOCENTE.DNI = 1111;

       CAS                                                                                                                        
----------                                                                                                                        
         8                                                                                                                        
         8                                                                                                                        

SQL> /* 25.Obtener para cada asignatura el nC:mero total de crC)ditos que tiene. */
SQL> SELECT CP+CT+CL
  2  FROM ASIGNATURA;

  CP+CT+CL                                                                                                                        
----------                                                                                                                        
         6                                                                                                                        
         6                                                                                                                        
         3                                                                                                                        
         3                                                                                                                        
         6                                                                                                                        
         6                                                                                                                        
         6                                                                                                                        
         6                                                                                                                        
         6                                                                                                                        
         6                                                                                                                        
         6                                                                                                                        
       7.5                                                                                                                        

12 rows selected.

SQL> SPOOL OFF;
